

[E23] Error: Value `305419896` is outside of the valid range of the field
   ╭─[ <expansion 1>:1:17 ]
   │
 1 │ beq zero, zero, off;
   │                 ─┬─  
   │                  ╰─── This expression has value `305419896`
   │
   ├─[ assembly:8:4 ]
   │
 8 │    j 0x12345678
   │    ──────┬─────  
   │          ╰─────── Generated by this pseudoinstruction
   │ 
   │ Note: Allowed range is [-4096, 4095]
───╯

Not executed
keyboard[0x0]:''; display[0x0]:''; 

