

[E09] Error: Incorrect instruction syntax
    ╭─[ assembly:11:7 ]
    │
 11 │    li $t0, 0xhello
    │       ──────┬─────  
    │             ╰─────── Incorrect syntax
    │ 
    │ Note: Allowed formats:
    │       li $rd,val
────╯

The syntax `li $rd,val` failed with the following reason:
Error: found `identifier (xhello)` but expected `\n`, `binary operator`, or `end of input`
    ╭─[ assembly:11:13 ]
    │
 11 │    li $t0, 0xhello
    │            ┬───┬──  
    │            ╰──────── While parsing this `expression`
    │                │    
    │                ╰──── Unexpected input
────╯

Not executed
keyboard[0x0]:''; display[0x0]:''; 

