

[E09] Error: Incorrect instruction syntax
   ╭─[ assembly:8:6 ]
   │
 8 │    j 0xhello
   │      ───┬───  
   │         ╰───── Incorrect syntax
   │ 
   │ Note: Allowed formats:
   │       j addr
───╯

The syntax `j addr` failed with the following reason:
Error: found `identifier (xhello)` but expected `\n`, `binary operator`, or `end of input`
   ╭─[ assembly:8:7 ]
   │
 8 │    j 0xhello
   │      ┬───┬──  
   │      ╰──────── While parsing this `expression`
   │          │    
   │          ╰──── Unexpected input
───╯

Not executed
keyboard[0x0]:''; display[0x0]:''; 

